============================= test session starts =============================
platform win32 -- Python 3.13.3, pytest-9.0.2, pluggy-1.6.0
rootdir: C:\Users\matte\Desktop\PlannerV2\backend
configfile: pytest.ini
plugins: anyio-4.12.1, asyncio-1.3.0
asyncio: mode=Mode.AUTO, debug=False, asyncio_default_fixture_loop_scope=function, asyncio_default_test_loop_scope=function
collected 0 items / 1 error

=================================== ERRORS ====================================
______________ ERROR collecting tests/test_manager_dashboard.py _______________
ImportError while importing test module 'C:\Users\matte\Desktop\PlannerV2\backend\tests\test_manager_dashboard.py'.
Hint: make sure your test modules/packages have valid Python names.
Traceback:
..\..\..\AppData\Local\Programs\Python\Python313\Lib\importlib\__init__.py:88: in import_module
    return _bootstrap._gcd_import(name[level:], package, level)
           ^^^^^^^^^^^^^^^^^^^^^^^^^^^^^^^^^^^^^^^^^^^^^^^^^^^^
tests\test_manager_dashboard.py:4: in <module>
    from app.models import User, RoleSystem, ShiftDefinition, JobRole, Schedule, Attendance, AttendanceStatus
E   ModuleNotFoundError: No module named 'app'
------------------------------- Captured stdout -------------------------------
Using database at: C:\Users\matte\Desktop\PlannerV2\planner.db
============================== warnings summary ===============================
app\schemas.py:35
  C:\Users\matte\Desktop\PlannerV2\backend\app\schemas.py:35: PydanticDeprecatedSince20: Support for class-based `config` is deprecated, use ConfigDict instead. Deprecated in Pydantic V2.0 to be removed in V3.0. See Pydantic V2 Migration Guide at https://errors.pydantic.dev/2.12/migration/
    class UserUpdate(BaseModel):

app\schemas.py:60
  C:\Users\matte\Desktop\PlannerV2\backend\app\schemas.py:60: PydanticDeprecatedSince20: Support for class-based `config` is deprecated, use ConfigDict instead. Deprecated in Pydantic V2.0 to be removed in V3.0. See Pydantic V2 Migration Guide at https://errors.pydantic.dev/2.12/migration/
    class UserResponse(UserBase):

app\schemas.py:99
  C:\Users\matte\Desktop\PlannerV2\backend\app\schemas.py:99: PydanticDeprecatedSince20: Support for class-based `config` is deprecated, use ConfigDict instead. Deprecated in Pydantic V2.0 to be removed in V3.0. See Pydantic V2 Migration Guide at https://errors.pydantic.dev/2.12/migration/
    class JobRoleResponse(JobRoleBase):

app\schemas.py:130
  C:\Users\matte\Desktop\PlannerV2\backend\app\schemas.py:130: PydanticDeprecatedSince20: Support for class-based `config` is deprecated, use ConfigDict instead. Deprecated in Pydantic V2.0 to be removed in V3.0. See Pydantic V2 Migration Guide at https://errors.pydantic.dev/2.12/migration/
    class ShiftDefResponse(BaseModel):

app\schemas.py:156
  C:\Users\matte\Desktop\PlannerV2\backend\app\schemas.py:156: PydanticDeprecatedSince20: Support for class-based `config` is deprecated, use ConfigDict instead. Deprecated in Pydantic V2.0 to be removed in V3.0. See Pydantic V2 Migration Guide at https://errors.pydantic.dev/2.12/migration/
    class AvailabilityResponse(AvailabilityBase):

app\schemas.py:193
  C:\Users\matte\Desktop\PlannerV2\backend\app\schemas.py:193: PydanticDeprecatedSince20: Support for class-based `config` is deprecated, use ConfigDict instead. Deprecated in Pydantic V2.0 to be removed in V3.0. See Pydantic V2 Migration Guide at https://errors.pydantic.dev/2.12/migration/
    class RequirementResponse(RequirementBase):

app\schemas.py:245
  C:\Users\matte\Desktop\PlannerV2\backend\app\schemas.py:245: PydanticDeprecatedSince20: Support for class-based `config` is deprecated, use ConfigDict instead. Deprecated in Pydantic V2.0 to be removed in V3.0. See Pydantic V2 Migration Guide at https://errors.pydantic.dev/2.12/migration/
    class ConfigResponse(ConfigBase):

app\schemas.py:281
  C:\Users\matte\Desktop\PlannerV2\backend\app\schemas.py:281: PydanticDeprecatedSince20: Support for class-based `config` is deprecated, use ConfigDict instead. Deprecated in Pydantic V2.0 to be removed in V3.0. See Pydantic V2 Migration Guide at https://errors.pydantic.dev/2.12/migration/
    class AttendanceResponse(AttendanceBase):

-- Docs: https://docs.pytest.org/en/stable/how-to/capture-warnings.html
=========================== short test summary info ===========================
ERROR tests/test_manager_dashboard.py
!!!!!!!!!!!!!!!!!!! Interrupted: 1 error during collection !!!!!!!!!!!!!!!!!!!!
======================== 8 warnings, 1 error in 0.55s =========================
